// Jest Snapshot v1, https://goo.gl/fbAQLP

exports[`renders correctly 1`] = `
<Fragment>
  <_default>
    <_default
      iconUrl="/static/icon-flutter.svg"
    >
      My app
    </_default>
  </_default>
  <_default>
    Bitrise Ship Add-on frontend
  </_default>
  <Counter />
</Fragment>
`;
