// Jest Snapshot v1, https://goo.gl/fbAQLP

exports[`appVersion should update the state 1`] = `
Array [
  Object {
    "type": "APP_VERSION_GET_NEXT",
  },
  Object {
    "type": "APP_VERSION_GET_COMPLETE",
  },
]
`;
