// Jest Snapshot v1, https://goo.gl/fbAQLP

exports[`auth reducer sets the token 1`] = `
Object {
  "token": "some-token",
}
`;
