// Jest Snapshot v1, https://goo.gl/fbAQLP

exports[`appVersion deleteFeatureGraphic can't delete the feature graphic 1`] = `
Array [
  Object {
    "type": "APP_VERSION_DELETE_FEATURE_GRAPHIC_NEXT",
  },
  Object {
    "payload": "api had some issue",
    "type": "APP_VERSION_DELETE_FEATURE_GRAPHIC_ERROR",
  },
]
`;

exports[`appVersion deleteFeatureGraphic deletes the feature graphic 1`] = `[Function]`;

exports[`appVersion deleteScreenshot can't delete a screenshot 1`] = `
Array [
  Object {
    "type": "APP_VERSION_DELETE_SCREENSHOTS_NEXT",
  },
  Object {
    "payload": "api had some issue",
    "type": "APP_VERSION_DELETE_SCREENSHOTS_ERROR",
  },
]
`;

exports[`appVersion deleteScreenshot deletes a screenshot 1`] = `[Function]`;

exports[`appVersion fetchAppVersion can't fetch an app version 1`] = `
Array [
  Object {
    "type": "APP_VERSION_GET_NEXT",
  },
  Object {
    "payload": "api had some issue",
    "type": "APP_VERSION_GET_ERROR",
  },
]
`;

exports[`appVersion fetchAppVersion fetches an app version 1`] = `
Array [
  Object {
    "type": "APP_VERSION_GET_NEXT",
  },
  Object {
    "payload": Object {
      "appName": "Standup Timer",
      "appSlug": "app-slug-123",
      "buildNumber": 32,
      "buildSlug": "13245ads",
      "bundleId": "bundle-id",
      "description": "Some semi-long description",
      "distributionType": "development",
      "iconUrl": "http://placekitten.com/160/160",
      "id": "123",
      "keywords": "Keywords",
      "lastUpdate": 2018-09-22T12:42:31.000Z,
      "marketingUrl": "https://bitrise.io/marketing",
      "minimumOs": "10.2",
      "minimumSdk": "dunno",
      "packageName": "com.package.name",
      "platform": "ios",
      "promotionalText": "Promotional Text",
      "publicInstallPageURL": "https://bitrise.io/app/8b334705d8e78276",
      "reviewNotes": "Review Notes",
      "scheme": "piramid",
      "screenshotDatas": Array [
        Object {
          "createdAt": 2018-09-26T12:42:31.000Z,
          "deviceType": "iPhone 6.5‚Äù",
          "downloadUrl": "https://www.bitrise.io/assets/svg/logo-bitrise.svg",
          "filename": "screenshot-1.jpg",
          "filesize": 1000,
          "id": "test-id-1",
          "screenSize": "1024x768",
          "updatedAt": 2018-09-27T12:42:31.000Z,
          "uploaded": true,
        },
      ],
      "supportUrl": "https://bitrise.io/support",
      "supportedDeviceTypes": Array [
        "iphone",
        "ipad",
      ],
      "version": "1.0.3",
      "whatsNew": "Some longer whats-new",
    },
    "type": "APP_VERSION_GET_COMPLETE",
  },
]
`;

exports[`appVersion publishAppVersion can't publishe an app version 1`] = `
Array [
  Object {
    "type": "APP_VERSION_PUBLISH_NEXT",
  },
  Object {
    "payload": "api had some issue",
    "type": "APP_VERSION_PUBLISH_ERROR",
  },
]
`;

exports[`appVersion publishAppVersion publishes an app version 1`] = `
Array [
  Object {
    "type": "APP_VERSION_PUBLISH_NEXT",
  },
  Object {
    "type": "APP_VERSION_PUBLISH_COMPLETE",
  },
]
`;

exports[`appVersion reducer loads an app version 1`] = `
Object {
  "appVersion": Object {
    "appName": "Standup Timer",
    "appSlug": "app-slug-123",
    "buildNumber": 32,
    "buildSlug": "13245ads",
    "bundleId": "bundle-id",
    "description": "Some semi-long description",
    "distributionType": "development",
    "iconUrl": "http://placekitten.com/160/160",
    "id": "123",
    "keywords": "Keywords",
    "lastUpdate": 2018-09-22T12:42:31.000Z,
    "marketingUrl": "https://bitrise.io/marketing",
    "minimumOs": "10.2",
    "minimumSdk": "dunno",
    "packageName": "com.package.name",
    "platform": "ios",
    "promotionalText": "Promotional Text",
    "publicInstallPageURL": "https://bitrise.io/app/8b334705d8e78276",
    "reviewNotes": "Review Notes",
    "scheme": "piramid",
    "screenshotDatas": Array [],
    "supportUrl": "https://bitrise.io/support",
    "supportedDeviceTypes": Array [
      "iphone",
      "ipad",
    ],
    "version": "1.0.3",
    "whatsNew": "Some longer whats-new",
  },
  "events": Array [],
  "isPublishInProgress": false,
  "isSaving": 0,
}
`;

exports[`appVersion reducer when publish polling has results 1`] = `
Object {
  "appVersion": null,
  "events": Array [
    Object {
      "createdAt": 2019-07-08T00:00:00.000Z,
      "createdAtTimestamp": 1562544000000,
      "status": "in_progress",
      "updatedAt": null,
    },
    Object {
      "createdAt": 2019-07-09T00:00:00.000Z,
      "createdAtTimestamp": 1562630400000,
      "status": "finished",
      "updatedAt": null,
    },
  ],
  "isPublishInProgress": false,
  "isSaving": 0,
}
`;

exports[`appVersion reducer when publishing had an error 1`] = `
Object {
  "appVersion": null,
  "events": Array [],
  "isPublishInProgress": false,
  "isSaving": 0,
}
`;

exports[`appVersion reducer when publishing is done 1`] = `
Object {
  "appVersion": null,
  "events": Array [],
  "isPublishInProgress": false,
  "isSaving": 0,
}
`;

exports[`appVersion reducer when publishing started 1`] = `
Object {
  "appVersion": null,
  "events": Array [],
  "isPublishInProgress": true,
  "isSaving": 0,
}
`;

exports[`appVersion updateAppVersion can't update an app version 1`] = `
Array [
  Object {
    "type": "APP_VERSION_UPDATE_NEXT",
  },
  Object {
    "payload": "api had some issue",
    "type": "APP_VERSION_UPDATE_ERROR",
  },
]
`;

exports[`appVersion updateAppVersion updates an app version 1`] = `
Array [
  Object {
    "type": "APP_VERSION_UPDATE_NEXT",
  },
  Object {
    "type": "APP_VERSION_UPDATE_COMPLETE",
  },
]
`;

exports[`appVersion uploadFeatureGraphic can't upload a feature graphic 1`] = `
Array [
  Object {
    "type": "APP_VERSION_UPLOAD_FEATURE_GRAPHIC_NEXT",
  },
  Object {
    "payload": "api had some issue",
    "type": "APP_VERSION_UPLOAD_FEATURE_GRAPHIC_ERROR",
  },
]
`;

exports[`appVersion uploadFeatureGraphic uploads a feature graphic 1`] = `
Array [
  Object {
    "type": "APP_VERSION_UPLOAD_FEATURE_GRAPHIC_NEXT",
  },
  Object {
    "type": "APP_VERSION_UPLOAD_FEATURE_GRAPHIC_COMPLETE",
  },
]
`;

exports[`appVersion uploadScreenshots can't upload screenshots 1`] = `
Array [
  Object {
    "type": "APP_VERSION_UPLOAD_SCREENSHOTS_NEXT",
  },
  Object {
    "payload": "api had some issue",
    "type": "APP_VERSION_UPLOAD_SCREENSHOTS_ERROR",
  },
]
`;

exports[`appVersion uploadScreenshots uploads screenshots 1`] = `
Array [
  Object {
    "type": "APP_VERSION_UPLOAD_SCREENSHOTS_NEXT",
  },
  Object {
    "type": "APP_VERSION_UPLOAD_SCREENSHOTS_COMPLETE",
  },
]
`;
