// Jest Snapshot v1, https://goo.gl/fbAQLP

exports[`NotificationSettings View ContactList renders correctly 1`] = `
<Table
  type="flat"
>
  <TableHeader>
    <TableHeaderRow>
      <TableHeaderCell>
        Email
      </TableHeaderCell>
      <TableHeaderCell />
      <TableHeaderCell
        align="middle"
      >
        New
        <br />
        Version
      </TableHeaderCell>
      <TableHeaderCell
        align="middle"
      >
        Successful
        <br />
        Publish
      </TableHeaderCell>
      <TableHeaderCell
        align="middle"
      >
        Failed
        <br />
        Publish
      </TableHeaderCell>
      <TableHeaderCell />
    </TableHeaderRow>
  </TableHeader>
  <TableBody>
    <TableRow
      className="roww"
      key="bit.bot@bitrise.io"
    >
      <TableCell
        shrink={true}
      >
        bit.bot@bitrise.io
      </TableCell>
      <TableCell
        align="middle"
      >
        Confirmed
      </TableCell>
      <TableCell
        shrink={true}
      >
        <Toggle
          alignChildren="middle"
          checked={true}
          onChange={[Function]}
        />
      </TableCell>
      <TableCell
        shrink={true}
      >
        <Toggle
          alignChildren="middle"
          checked={true}
          onChange={[Function]}
        />
      </TableCell>
      <TableCell
        shrink={true}
      >
        <Toggle
          alignChildren="middle"
          checked={true}
          onChange={[Function]}
        />
      </TableCell>
      <TableCell
        shrink={true}
      >
        <Base
          borderRadius="x1"
          className="delete"
          padding="x1"
        >
          <Icon
            color="red-3"
            name="Trash"
            size="1.5rem"
          />
        </Base>
      </TableCell>
    </TableRow>
    <TableRow
      className="roww"
      key="purr.request@bitrise.io"
    >
      <TableCell
        shrink={true}
      >
        purr.request@bitrise.io
      </TableCell>
      <TableCell
        align="middle"
      >
        Pending
      </TableCell>
      <TableCell
        shrink={true}
      >
        <Toggle
          alignChildren="middle"
          checked={false}
          onChange={[Function]}
        />
      </TableCell>
      <TableCell
        shrink={true}
      >
        <Toggle
          alignChildren="middle"
          checked={false}
          onChange={[Function]}
        />
      </TableCell>
      <TableCell
        shrink={true}
      >
        <Toggle
          alignChildren="middle"
          checked={true}
          onChange={[Function]}
        />
      </TableCell>
      <TableCell
        shrink={true}
      >
        <Base
          borderRadius="x1"
          className="delete"
          padding="x1"
        >
          <Icon
            color="red-3"
            name="Trash"
            size="1.5rem"
          />
        </Base>
      </TableCell>
    </TableRow>
  </TableBody>
</Table>
`;
