// Jest Snapshot v1, https://goo.gl/fbAQLP

exports[`Title renders correctly 1`] = `
<h1
  className="title"
>
  Some title
</h1>
`;
