// Jest Snapshot v1, https://goo.gl/fbAQLP

exports[`SectionHeading renders correctly 1`] = `
<div
  className="sectionHeading"
>
  My app
</div>
`;
